mode: set
Go-practice/in-depth-study/medium/test/basic.go:9.24,13.2 3 1
Go-practice/in-depth-study/medium/test/basic.go:16.14,18.2 0 0
